<?xml version="1.0" encoding="utf-8"?><testsuites name="pytest tests"><testsuite name="pytest" errors="0" failures="0" skipped="0" tests="5" time="1.777" timestamp="2025-06-12T13:48:04.901021-03:00" hostname="DESKTOP-OVVAVHT"><testcase classname="tests.test_api" name="test_read_root" time="0.034" /><testcase classname="tests.test_api" name="test_analyze_model_endpoint_invalid_file_format" time="0.013" /><testcase classname="tests.test_api" name="test_analyze_model_endpoint_internal_server_error_on_upload_copy" time="0.016" /><testcase classname="tests.test_api" name="test_analyze_model_endpoint_internal_server_error_on_analysis_unexpected_exception" time="0.010" /><testcase classname="tests.test_api" name="test_analyze_model_endpoint_file_cleanup_error" time="0.015" /></testsuite></testsuites>